Jun-05 12:48:31.640 [main] DEBUG nextflow.cli.Launcher - $> nextflow run main.nf
Jun-05 12:48:31.821 [main] DEBUG nextflow.cli.CmdRun - N E X T F L O W  ~  version 26.04.3
Jun-05 12:48:31.916 [main] DEBUG nextflow.plugin.PluginsFacade - Setting up plugin manager > mode=prod; embedded=false; plugins-dir=/home/pc/.nextflow/plugins; core-plugins: nf-amazon@3.9.1,nf-azure@1.22.5,nf-cloudcache@0.6.0,nf-codecommit@0.5.2,nf-console@1.3.0,nf-google@1.27.3,nf-k8s@1.5.4,nf-seqera@0.20.1,nf-tower@1.28.0,nf-wave@1.21.0
Jun-05 12:48:31.992 [main] INFO  o.pf4j.DefaultPluginStatusProvider - Enabled plugins: []
Jun-05 12:48:31.995 [main] INFO  o.pf4j.DefaultPluginStatusProvider - Disabled plugins: []
Jun-05 12:48:32.004 [main] INFO  org.pf4j.DefaultPluginManager - PF4J version 3.14.1 in 'deployment' mode
Jun-05 12:48:32.052 [main] DEBUG nextflow.util.RetryConfig - Missing nextflow session - using default retry config
Jun-05 12:48:32.485 [main] DEBUG nextflow.plugin.PluginUpdater - Using plugin repository: HttpPluginRepository [registry]; url=https://registry.nextflow.io/api
Jun-05 12:48:32.498 [main] INFO  org.pf4j.AbstractPluginManager - No plugins
Jun-05 12:48:32.564 [main] DEBUG nextflow.config.ConfigParserFactory - Using config parser v2
Jun-05 12:48:32.674 [main] DEBUG nextflow.plugin.PluginsFacade - Plugins default=[]
Jun-05 12:48:32.675 [main] DEBUG nextflow.plugin.PluginsFacade - Plugins resolved requirement=[]
Jun-05 12:48:32.739 [main] DEBUG n.secret.LocalSecretsProvider - Secrets store: /home/pc/.nextflow/secrets/store.json
Jun-05 12:48:32.777 [main] DEBUG nextflow.secret.SecretsLoader - Discovered secrets providers: [nextflow.secret.LocalSecretsProvider@50f40653] - activable => nextflow.secret.LocalSecretsProvider@50f40653
Jun-05 12:48:32.829 [main] DEBUG nextflow.cli.CmdRun - Launching `main.nf` [kickass_koch] - revision: 601a26c8c3
Jun-05 12:48:33.166 [main] DEBUG nextflow.Session - Session UUID: e8a7b810-6a44-41eb-9d4d-d7716a42a9b0
Jun-05 12:48:33.167 [main] DEBUG nextflow.Session - Run name: kickass_koch
Jun-05 12:48:33.168 [main] DEBUG nextflow.Session - Executor pool size: 8
Jun-05 12:48:33.192 [main] DEBUG nextflow.file.FilePorter - File porter settings maxRetries=3; maxTransfers=50; pollTimeout=null
Jun-05 12:48:33.208 [main] DEBUG nextflow.util.ThreadPoolBuilder - Creating thread pool 'FileTransfer' minSize=10; maxSize=24; workQueue=LinkedBlockingQueue[-1]; allowCoreThreadTimeout=false
Jun-05 12:48:33.282 [main] DEBUG nextflow.cli.CmdRun - 
  Version: 26.04.3 build 12259
  Created: 28-05-2026 08:48 UTC (10:48 CEST)
  System: Linux 6.6.114.1-microsoft-standard-WSL2
  Runtime: Groovy 4.0.31 on OpenJDK 64-Bit Server VM 17.0.19+10-1-26.04.2-Ubuntu
  Encoding: UTF-8 (UTF-8)
  Process: 788@DESKTOP-2RBAGI7 [127.0.1.1]
  CPUs: 8 - Mem: 7.6 GB (6.5 GB) - Swap: 2 GB (2 GB)
Jun-05 12:48:33.333 [main] DEBUG nextflow.Session - Work-dir: /home/pc/aws-nextflow-ngs-pipeline/work [ext2/ext3]
Jun-05 12:48:33.334 [main] DEBUG nextflow.Session - Script base path does not exist or is not a directory: /home/pc/aws-nextflow-ngs-pipeline/bin
Jun-05 12:48:33.355 [main] DEBUG nextflow.executor.ExecutorFactory - Extension executors providers=[]
Jun-05 12:48:33.383 [main] DEBUG nextflow.Session - Observer factory (v2): LinObserverFactory
Jun-05 12:48:33.387 [main] DEBUG nextflow.Session - Observer factory (v2): DefaultObserverFactory
Jun-05 12:48:33.492 [main] DEBUG nextflow.cache.CacheFactory - Using Nextflow cache factory: nextflow.cache.DefaultCacheFactory
Jun-05 12:48:33.528 [main] DEBUG nextflow.util.CustomThreadPool - Creating default thread pool > poolSize: 9; maxThreads: 1000
Jun-05 12:48:33.712 [main] DEBUG nextflow.Session - Session start
Jun-05 12:48:33.729 [main] DEBUG nextflow.script.ScriptLoaderFactory - Using script parser v2
Jun-05 12:48:34.845 [main] DEBUG nextflow.script.ScriptRunner - > Launching execution
Jun-05 12:48:35.088 [main] DEBUG nextflow.executor.ExecutorFactory - << taskConfig executor: null
Jun-05 12:48:35.089 [main] DEBUG nextflow.executor.ExecutorFactory - >> processorType: 'local'
Jun-05 12:48:35.107 [main] DEBUG nextflow.executor.Executor - [warm up] executor > local
Jun-05 12:48:35.129 [main] DEBUG n.processor.LocalPollingMonitor - Creating local task monitor for executor 'local' > cpus=8; memory=7.6 GB; capacity=8; pollInterval=100ms; dumpInterval=5m
Jun-05 12:48:35.137 [main] DEBUG n.processor.TaskPollingMonitor - >>> barrier register (monitor: local)
Jun-05 12:48:35.224 [main] DEBUG nextflow.processor.TaskProcessor - Creating process 'HELLO': maxForks=0; fair=false; array=0
Jun-05 12:48:35.401 [main] DEBUG nextflow.Session - Process names: HELLO
Jun-05 12:48:35.405 [main] DEBUG nextflow.Session - Igniting dataflow network (1)
Jun-05 12:48:35.407 [main] DEBUG nextflow.processor.TaskProcessor - Starting process > HELLO
Jun-05 12:48:35.410 [main] DEBUG nextflow.script.ScriptRunner - Parsed script files:
  Main: /home/pc/aws-nextflow-ngs-pipeline/main.nf
Jun-05 12:48:35.410 [main] DEBUG nextflow.script.ScriptRunner - > Awaiting termination 
Jun-05 12:48:35.410 [main] DEBUG nextflow.Session - Session await
Jun-05 12:48:35.889 [Task submitter] DEBUG n.executor.local.LocalTaskHandler - Launch cmd line: /bin/bash -ue .command.run
Jun-05 12:48:35.897 [Task submitter] INFO  nextflow.Session - [3f/bb7309] Submitted process > HELLO
Jun-05 12:48:35.959 [Task monitor] DEBUG n.processor.TaskPollingMonitor - Task completed > TaskHandler[id: 1; name: HELLO; status: COMPLETED; exit: 0; error: -; workDir: /home/pc/aws-nextflow-ngs-pipeline/work/3f/bb7309a4dda2ba0307144008f0cfe3]
Jun-05 12:48:35.962 [Task monitor] DEBUG nextflow.util.ThreadPoolBuilder - Creating thread pool 'TaskFinalizer' minSize=10; maxSize=24; workQueue=LinkedBlockingQueue[-1]; allowCoreThreadTimeout=false
Jun-05 12:48:36.024 [main] DEBUG nextflow.Session - Session await > all processes finished
Jun-05 12:48:36.040 [Task monitor] DEBUG n.processor.TaskPollingMonitor - <<< barrier arrives (monitor: local) - terminating tasks monitor poll loop
Jun-05 12:48:36.041 [main] DEBUG nextflow.Session - Session await > all barriers passed
Jun-05 12:48:36.048 [main] DEBUG nextflow.util.ThreadPoolManager - Thread pool 'TaskFinalizer' shutdown completed (hard=false)
Jun-05 12:48:36.068 [main] DEBUG n.trace.WorkflowStatsObserver - Workflow completed > WorkflowStats[succeededCount=1; failedCount=0; ignoredCount=0; cachedCount=0; pendingCount=0; submittedCount=0; runningCount=0; retriesCount=0; abortedCount=0; succeedDuration=10ms; failedDuration=0ms; cachedDuration=0ms;loadCpus=0; loadMemory=0; peakRunning=1; peakCpus=1; peakMemory=0; ]
Jun-05 12:48:36.225 [main] DEBUG nextflow.cache.CacheDB - Closing CacheDB done
Jun-05 12:48:36.275 [main] DEBUG nextflow.util.ThreadPoolManager - Thread pool 'FileTransfer' shutdown completed (hard=false)
Jun-05 12:48:36.276 [main] DEBUG nextflow.script.ScriptRunner - > Execution complete -- Goodbye
